// Vitest Snapshot v1, https://vitest.dev/guide/snapshot.html

exports[`公開APIの値export一覧（うっかり削除・renameの検知用） > '.'（src/index.ts） 1`] = `
[
  "BORDER_EFFECT_DURATIONS_MS",
  "BORDER_EFFECT_KINDS",
  "BOUNCE_DURATION_MS",
  "CELEBRATE_DURATION_MS",
  "CHECKMARK_DURATION_MS",
  "CONFETTI_PIECES",
  "CONFETTI_PIECE_COUNT",
  "CRACKER_DURATION_MS",
  "CRACKER_STREAMER_COUNT",
  "DEFAULT_CELEBRATE_THEME",
  "FIREWORK_DURATION_MS",
  "FIREWORK_PARTICLES_PER_SHELL",
  "FIREWORK_SHELL_COUNT",
  "FLASH_DURATION_MS",
  "FLOAT_DURATION_MS",
  "GLYPH_BURST_DURATION_MS",
  "GLYPH_BURST_PARTICLE_COUNT",
  "HITSTOP_DURATION_MS",
  "LIGHTNING_DURATION_MS",
  "MEDAL_DURATION_MS",
  "MOTION_PROFILES",
  "POPUP_DURATION_MS",
  "POP_DURATION_MS",
  "RADIAL_BURST_PRESETS",
  "RAIN_DURATION_MS",
  "RAIN_PIECE_COUNT",
  "RING_DURATION_MS",
  "RIPPLE_DURATION_MS",
  "SAKURA_DURATION_MS",
  "SAKURA_PETAL_COUNT",
  "SHAKE_DURATION_MS",
  "SHATTER_CRACK_COUNT",
  "SHATTER_DURATION_MS",
  "SHATTER_SHARD_COUNT",
  "SPARKLE_DURATION_MS",
  "SPARKLE_PARTICLE_COUNT",
  "SPARKLE_SOUND_PRESETS",
  "VIGNETTE_DURATION_MS",
  "ballisticMotion",
  "ballisticPositionAt",
  "chooseSparkleSound",
  "createCrackerStreamers",
  "createFireworkShells",
  "createGlyphParticles",
  "createLightningPath",
  "createRainPieces",
  "createSakuraPetals",
  "createSeededCrackerRandom",
  "createSeededFireworkRandom",
  "createSeededLightningRandom",
  "createSeededRainRandom",
  "createSeededRandom",
  "createSeededSakuraRandom",
  "createSeededShatterRandom",
  "createSeededSparkleRandom",
  "createShatterScene",
  "createSparkleParticles",
  "electricPreset",
  "enterSettleStyle",
  "fallMotion",
  "firePreset",
  "glowPreset",
  "icePreset",
  "intensityToDurationMultiplier",
  "intensityToGainMultiplier",
  "intensityToHapticMultiplier",
  "intensityToScale",
  "neonPreset",
  "orbitTwinkleMotion",
  "playSparkleSound",
  "radialMotion",
  "rainbowPreset",
  "rollRewardTier",
  "sparkleSoundIndex",
  "spinPreset",
  "staticScaleMotion",
]
`;

exports[`公開APIの値export一覧（うっかり削除・renameの検知用） > './react'（src/react.ts） 1`] = `
[
  "BounceText",
  "CELEBRATE_VARIANT_NAMES",
  "Celebrate",
  "CelebrateProvider",
  "CheckmarkBurst",
  "ClipReveal",
  "ConfettiBurst",
  "ConfettiRain",
  "CrackerBurst",
  "FireworkBurst",
  "FloatDrift",
  "GlyphBurst",
  "LightningStrike",
  "MedalBadge",
  "ParticleField",
  "PopupText",
  "RadialBurst",
  "RadialBurstLayer",
  "RecordBanner",
  "SakuraBurst",
  "Sequence",
  "ShatterScreen",
  "SparkleBurst",
  "Stamp",
  "StrokePath",
  "activateContainerModifier",
  "durationForCelebration",
  "hasHapticForCelebration",
  "hasSoundForCelebration",
  "isFullScreenContent",
  "renderCelebration",
  "useCelebrate",
  "useCelebrateBorder",
  "useContainerModifier",
]
`;
